[extract] 73 total in priority worklist, 13 already cached, 60 to process, parallelism=1, timeout=600s, cache=/home/raghavp/BOIhackathon/harness/banking_feature_cache
[extract] 1/60 9FD9D3EB4F828569 in.hsbc.hsbcindia                              251.1MB    93.9s rss= 12272MB peak_so_far=12272MB ok SWAP_OUT=1458MB
[extract] 2/60 CE48F88D4EFAA534 com.icicibank.ibizz                            168.2MB    43.7s rss=  6231MB peak_so_far=12272MB ok
[extract] 3/60 2178D875D9D5CB0B com.infrasoft.uboi                             162.1MB    80.3s rss=  8575MB peak_so_far=12272MB ok
[extract] 4/60 CB4CB8EB77ED41D0 com.lcode.ucomobilebanking                     142.7MB    21.6s rss=  3070MB peak_so_far=12272MB ok
[extract] 5/60 48C6C919F919B86B com.Version1                                   138.7MB   600.2s rss=     n/a peak_so_far=12272MB SKIP:timeout
[extract] 6/60 F01ECF18B6A3D1AE com.bankofbaroda.upi                           132.1MB    12.9s rss=  1848MB peak_so_far=12272MB ok
[extract] 7/60 D61E6C7B3D1AB862 com.indusindbank.IndusDirect                   124.7MB    28.8s rss=  3944MB peak_so_far=12272MB ok
[extract] 8/60 2B8A8A9FAD9AE71F com.sbi.lotusintouch                           114.7MB    15.1s rss=  1668MB peak_so_far=12272MB ok
[extract] 9/60 12BEF588C2347BC7 com.indusind.indie                             107.9MB    48.7s rss=  6707MB peak_so_far=12272MB ok
[extract] 10/60 B5EC2A58741C0966 com.fedmobile                                  104.5MB    43.4s rss=  6144MB peak_so_far=12272MB ok
[extract] 11/60 F66D2D7CEBB9E471 air.app.scb.breeze.android.main.in.prod         96.4MB    23.0s rss=  3197MB peak_so_far=12272MB ok
[extract] 12/60 8F71C10F2D2FA4A9 com.kotak811mobilebankingapp.instantsavingsupiscanandpayrecharge   93.6MB    28.8s rss=  4216MB peak_so_far=12272MB ok
[extract] 13/60 380CAF1303906CBD com.indusind.indiebiz                           93.4MB    35.0s rss=  4921MB peak_so_far=12272MB ok
[extract] 14/60 A985DF31B5FB7A93 com.axis.mobile                                 89.6MB    42.4s rss=  5683MB peak_so_far=12272MB ok
[extract] 15/60 45146A226D0AC67F com.centralbank.retail.omni                     87.9MB    10.0s rss=  1547MB peak_so_far=12272MB ok
[extract] 16/60 93DC69A8036AA1FA com.kotak.bank.mobile                           87.0MB    28.0s rss=  4071MB peak_so_far=12272MB ok
[extract] 17/60 27C2841BBCD387A8 com.sbi.SBIFreedomPlus                          86.7MB    17.8s rss=  2501MB peak_so_far=12272MB ok
[extract] 18/60 920B536DFC3BBF6C com.lcode.ucoupi                                81.9MB     7.9s rss=  1202MB peak_so_far=12272MB ok
[extract] 19/60 E4F6E053B0B5A827 com.ausmallfinancebank.amb                      80.2MB    25.7s rss=  3620MB peak_so_far=12272MB ok
[extract] 20/60 1E071AF25818230E com.psb.omniretail                              79.6MB    14.9s rss=  2246MB peak_so_far=12272MB ok
[extract] 21/60 02746ED30191D146 com.equitas.elevate                             75.8MB    18.2s rss=  2714MB peak_so_far=12272MB ok
[extract] 22/60 DF5F1947B069500D in.irisbyyes.app                                74.7MB    17.2s rss=  2267MB peak_so_far=12272MB ok
[extract] 23/60 1DEE7D78CC8684B2 com.hdfcbank.android.now                        74.6MB    45.6s rss=  6487MB peak_so_far=12272MB ok
[extract] 24/60 5A953CAAF9A07F6B com.dbs.in.digitalbank                          72.9MB    44.6s rss=  6183MB peak_so_far=12272MB ok
[extract] 25/60 3CF7D9F847AECA2D com.boi.ua.android                              70.1MB    32.2s rss=  3619MB peak_so_far=12272MB ok
[extract] 26/60 AB8C07E49597F277 com.utkarsh.mobile                              63.5MB    11.5s rss=  1731MB peak_so_far=12272MB ok
[extract] 27/60 847B564EBC390C51 com.corporatefedmobile                          61.9MB     9.4s rss=  1413MB peak_so_far=12272MB ok
[extract] 28/60 54708CDAC98C05A1 com.idfcfirstbank.optimus                       59.9MB    22.6s rss=  3200MB peak_so_far=12272MB ok
[extract] 29/60 D557536F3CFA7141 com.sbi.upi                                     59.2MB    24.6s rss=  3642MB peak_so_far=12272MB ok
[extract] 30/60 BB8C05F2D441519A com.infrasofttech.CentralBank                   56.4MB    13.0s rss=  1915MB peak_so_far=12272MB ok
[extract] 31/60 47D8B443197698C8 com.snapwork.hdfc                               54.4MB    30.2s rss=  4330MB peak_so_far=12272MB ok
[extract] 32/60 699E801BCAAB35DD com.canarabank.mobility                         50.2MB    26.9s rss=  3787MB peak_so_far=12272MB ok
[extract] 33/60 7EC6888D9728290F com.db.pbc.mybank.in                            39.8MB     7.7s rss=  1156MB peak_so_far=12272MB ok
[extract] 34/60 614FDF72E33C1F1C com.msf.kbank.mobile                            38.3MB    24.3s rss=  3494MB peak_so_far=12272MB ok
[extract] 35/60 038DFEDC8611E3EF com.janabank.mtc                                37.3MB   600.0s rss=     n/a peak_so_far=12272MB SKIP:timeout
[extract] 36/60 D53D37482B2D729F com.iob.iobconnect                              35.1MB    12.3s rss=  1727MB peak_so_far=12272MB ok
[extract] 37/60 340547E57DF9207B com.suryoday.MB                                 29.1MB    29.0s rss=  4039MB peak_so_far=12272MB ok
[extract] 38/60 83617D2E048A2FC6 com.capitalfirst.connector                      28.3MB    14.9s rss=  2148MB peak_so_far=12272MB ok
[extract] 39/60 23005064FF63D669 com.yesbank.yespaynext                          26.4MB    10.1s rss=  1411MB peak_so_far=12272MB ok
[extract] 40/60 FD9A5EF34EC7A6AC com.euronet.iobupi                              24.9MB     4.1s rss=   640MB peak_so_far=12272MB ok
[extract] 41/60 091341C57741BDF5 air.app.scb.breeze.android.main.in.prod         66.8MB     5.5s rss=   882MB peak_so_far=12272MB ok
[extract] 42/60 2DD141F375714CFB com.sbi.SBIFreedomPlus                          40.9MB     9.9s rss=  1525MB peak_so_far=12272MB ok
[extract] 43/60 2E8800C401CA9CE3 com.csam.icici.bank.imobile                     40.1MB    14.9s rss=  2160MB peak_so_far=12272MB ok
[extract] 44/60 9CF57AFFDDB04673 com.Version1                                    37.7MB     5.9s rss=   877MB peak_so_far=12272MB ok
[extract] 45/60 F66039981FC3719D com.axis.mobile                                 33.8MB    13.2s rss=  1251MB peak_so_far=12272MB ok
[extract] 46/60 DF3D7D319A6DADC9 com.icicibank.ibizz                             31.1MB     6.9s rss=  1010MB peak_so_far=12272MB ok
[extract] 47/60 F29F594442566E7F com.dbs.in.digitalbank                          30.0MB    10.4s rss=  1405MB peak_so_far=12272MB ok
[extract] 48/60 43EE6DC1BD10B3DE com.snapwork.hdfc                               27.7MB     6.5s rss=   940MB peak_so_far=12272MB ok
[extract] 49/60 E4323D923956C467 com.canarabank.mobility                         24.2MB    12.3s rss=  1839MB peak_so_far=12272MB ok
[extract] 50/60 ADB8E6D1580BED91 com.infrasoft.uboi                              23.1MB     8.3s rss=  1202MB peak_so_far=12272MB ok
[extract] 51/60 69AB008B9693EFA7 com.bankofbaroda.mconnect                       17.6MB     9.1s rss=  1266MB peak_so_far=12272MB ok
[extract] 52/60 6EA25AF6D5D31DD3 com.sbi.lotusintouch                            16.5MB     2.7s rss=   420MB peak_so_far=12272MB ok
[extract] 53/60 E458C9E904B34315 com.indusindbank.IndusDirect                    16.2MB     4.8s rss=   694MB peak_so_far=12272MB ok
[extract] 54/60 2D7FBD230999F311 com.fedmobile                                   15.3MB     8.3s rss=  1239MB peak_so_far=12272MB ok
[extract] 55/60 0E71BAB2986B69BC com.lcode.clabmbanking                          14.9MB     3.6s rss=   535MB peak_so_far=12272MB ok
[extract] 56/60 C7D431AF86A32E21 com.msf.kbank.mobile                            13.8MB     9.9s rss=  1439MB peak_so_far=12272MB ok
[extract] 57/60 22213A3114748099 com.lcode.ucomobilebanking                       8.7MB     4.1s rss=   561MB peak_so_far=12272MB ok
[extract] 58/60 A747B6611A2DC777 com.lcode.ucoupi                                 8.5MB     4.2s rss=   647MB peak_so_far=12272MB ok
[extract] 59/60 00354054A7402239 com.corporatefedmobile                           6.6MB     2.2s rss=   343MB peak_so_far=12272MB ok
[extract] 60/60 432FC8898DBEF309 com.db.pbc.mybank.in                             5.9MB     3.2s rss=   486MB peak_so_far=12272MB ok
[extract] this run: 60 attempted, ok=58 skipped=2, 2374s wall, peak_rss=12272MB, swap_dirty_files=1
